
> frontend@0.0.0 build
> vite build

[36mvite v7.3.1 [32mbuilding client environment for production...[36m[39m
transforming...
[32m✓[39m 45 modules transformed.
node.exe : [31m✗[39m 
Build failed in 1.07s
En C:\Program 
Files\nodejs\npm.ps1: 
29 Carácter: 3
+   & $NODE_EXE 
$NPM_CLI_JS $args
+   ~~~~~~~~~~~~~~~~~~~
~~~~~~~~~~
    + CategoryInfo     
         : NotSpecifi  
  ed: ([31m✗[39m B   
 uild failed in 1.0    
7s:String) [], Rem    
oteException
    + FullyQualifiedEr 
   rorId : NativeComm  
  andError
 
[31merror during 
build:
[31mCould not resolve 
"../context/AuthContext
" from "src/components/
utilities/ProtectedRout
e.jsx"[31m
file: [36mC:/Users/Leo
/Documents/Proyecto cla
se/src/components/utili
ties/ProtectedRoute.jsx
[31m
    at getRollupError (
file:///C:/Users/Leo/Do
cuments/Proyecto%20clas
e/node_modules/rollup/d
ist/es/shared/parseAst.
js:402:41)
    at error (file:///C
:/Users/Leo/Documents/P
royecto%20clase/node_mo
dules/rollup/dist/es/sh
ared/parseAst.js:398:42
)
    at ModuleLoader.han
dleInvalidResolvedId (f
ile:///C:/Users/Leo/Doc
uments/Proyecto%20clase
/node_modules/rollup/di
st/es/shared/node-entry
.js:21710:24)
    at file:///C:/Users
/Leo/Documents/Proyecto
%20clase/node_modules/r
ollup/dist/es/shared/no
de-entry.js:21670:26[3
9m
